>>> say_my_name = __import__('3-say_my_name').say_my_name

>>> say_my_name('Anne', 'Cognet')
My name is Anne Cognet

>>> say_my_name(4, "School")
Traceback (most recent call last):
...
TypeError: first_name must be a string

>>> say_my_name("Bob", 12)
My name is Bob
...
Traceback (most recent call last):
...
TypeError: last_name must be a string

>>> say_my_name([1, 2, 3], 2)
Traceback (most recent call last):
...
TypeError: first_name must be a string

>>> say_my_name(2, [1, 2, 3])
Traceback (most recent call last):
...
TypeError: first_name must be a string

>>> say_my_name({1: "yo"}, 1)
Traceback (most recent call last):
...
TypeError: first_name must be a string

>>> say_my_name(1, {1: "yo"})
Traceback (most recent call last):
...
TypeError: first_name must be a string


>>> say_my_name(["Holberton", "School"])
Traceback (most recent call last):
...
TypeError: first_name must be a string
